// Jest Snapshot v1, https://goo.gl/fbAQLP

exports[`PhotoList is rendering renders 1`] = `
<DocumentFragment>
  &lt;PhotoList /&gt;
</DocumentFragment>
`;
